// Jest Snapshot v1, https://goo.gl/fbAQLP

exports[`rendering after re-connecting works 1`] = `"<div></div>"`;

exports[`rendering after re-connecting works 2`] = `""`;

exports[`rendering after re-connecting works 3`] = `"<div></div>"`;

exports[`rendering after re-connecting works 4`] = `""`;

exports[`renders 1`] = `""`;

exports[`renders 2`] = `"<div>Hello, World!</div>"`;

exports[`renders 3`] = `"<div>Hello, Bob!</div>"`;

exports[`wrapper - override render() 1`] = `"<div>Hello, <slot></slot>!</div>"`;

exports[`wrappers cleanup 1`] = `"<div>Hello, <slot></slot>!</div>"`;

exports[`wrappers cleanup 2`] = `""`;
